node.exe : [33m[1mظأب[22m[39m The "middleware" 
file convention is deprecated. Please use "proxy" 
instead. Learn more: 
https://nextjs.org/docs/messages/middleware-to-proxy
At line:1 char:1
+ & "C:\Program Files\nodejs/node.exe" "C:\Program 
Files\nodejs/node_mo ...
+ ~~~~~~~~~~~~~~~~~~~~~~~~~~~~~~~~~~~~~~~~~~~~~~~~~~~~~
~~~~~~~~~~~~~~~~
    + CategoryInfo          : NotSpecified: ([33m[1m 
   ظأب[2...leware-to-proxy:String) [], RemoteExcepti  
  on
    + FullyQualifiedErrorId : NativeCommandError
 
[?25h
